/opt/homebrew/Caskroom/flutter/3.32.2/flutter/bin/internal/update_engine_version.sh: line 64: /opt/homebrew/Caskroom/flutter/3.32.2/flutter/bin/cache/engine.stamp: Operation not permitted
